train/raw/21_training.tif train/label/21_manual1.tif
train/raw/22_training.tif train/label/22_manual1.tif
train/raw/23_training.tif train/label/23_manual1.tif
train/raw/24_training.tif train/label/24_manual1.tif
train/raw/25_training.tif train/label/25_manual1.tif
train/raw/26_training.tif train/label/26_manual1.tif
train/raw/27_training.tif train/label/27_manual1.tif
train/raw/28_training.tif train/label/28_manual1.tif
train/raw/29_training.tif train/label/29_manual1.tif
train/raw/30_training.tif train/label/30_manual1.tif
train/raw/31_training.tif train/label/31_manual1.tif
train/raw/32_training.tif train/label/32_manual1.tif
train/raw/33_training.tif train/label/33_manual1.tif
train/raw/34_training.tif train/label/34_manual1.tif
train/raw/35_training.tif train/label/35_manual1.tif
train/raw/36_training.tif train/label/36_manual1.tif
train/raw/37_training.tif train/label/37_manual1.tif
train/raw/38_training.tif train/label/38_manual1.tif
train/raw/39_training.tif train/label/39_manual1.tif
train/raw/40_training.tif train/label/40_manual1.tif
train/raw_90/21_training.tif train/label_90/21_manual1.tif
train/raw_90/22_training.tif train/label_90/22_manual1.tif
train/raw_90/23_training.tif train/label_90/23_manual1.tif
train/raw_90/24_training.tif train/label_90/24_manual1.tif
train/raw_90/25_training.tif train/label_90/25_manual1.tif
train/raw_90/26_training.tif train/label_90/26_manual1.tif
train/raw_90/27_training.tif train/label_90/27_manual1.tif
train/raw_90/28_training.tif train/label_90/28_manual1.tif
train/raw_90/29_training.tif train/label_90/29_manual1.tif
train/raw_90/30_training.tif train/label_90/30_manual1.tif
train/raw_90/31_training.tif train/label_90/31_manual1.tif
train/raw_90/32_training.tif train/label_90/32_manual1.tif
train/raw_90/33_training.tif train/label_90/33_manual1.tif
train/raw_90/34_training.tif train/label_90/34_manual1.tif
train/raw_90/35_training.tif train/label_90/35_manual1.tif
train/raw_90/36_training.tif train/label_90/36_manual1.tif
train/raw_90/37_training.tif train/label_90/37_manual1.tif
train/raw_90/38_training.tif train/label_90/38_manual1.tif
train/raw_90/39_training.tif train/label_90/39_manual1.tif
train/raw_90/40_training.tif train/label_90/40_manual1.tif
train/raw_180/21_training.tif train/label_180/21_manual1.tif
train/raw_180/22_training.tif train/label_180/22_manual1.tif
train/raw_180/23_training.tif train/label_180/23_manual1.tif
train/raw_180/24_training.tif train/label_180/24_manual1.tif
train/raw_180/25_training.tif train/label_180/25_manual1.tif
train/raw_180/26_training.tif train/label_180/26_manual1.tif
train/raw_180/27_training.tif train/label_180/27_manual1.tif
train/raw_180/28_training.tif train/label_180/28_manual1.tif
train/raw_180/29_training.tif train/label_180/29_manual1.tif
train/raw_180/30_training.tif train/label_180/30_manual1.tif
train/raw_180/31_training.tif train/label_180/31_manual1.tif
train/raw_180/32_training.tif train/label_180/32_manual1.tif
train/raw_180/33_training.tif train/label_180/33_manual1.tif
train/raw_180/34_training.tif train/label_180/34_manual1.tif
train/raw_180/35_training.tif train/label_180/35_manual1.tif
train/raw_180/36_training.tif train/label_180/36_manual1.tif
train/raw_180/37_training.tif train/label_180/37_manual1.tif
train/raw_180/38_training.tif train/label_180/38_manual1.tif
train/raw_180/39_training.tif train/label_180/39_manual1.tif
train/raw_180/40_training.tif train/label_180/40_manual1.tif
train/raw_270/21_training.tif train/label_270/21_manual1.tif
train/raw_270/22_training.tif train/label_270/22_manual1.tif
train/raw_270/23_training.tif train/label_270/23_manual1.tif
train/raw_270/24_training.tif train/label_270/24_manual1.tif
train/raw_270/25_training.tif train/label_270/25_manual1.tif
train/raw_270/26_training.tif train/label_270/26_manual1.tif
train/raw_270/27_training.tif train/label_270/27_manual1.tif
train/raw_270/28_training.tif train/label_270/28_manual1.tif
train/raw_270/29_training.tif train/label_270/29_manual1.tif
train/raw_270/30_training.tif train/label_270/30_manual1.tif
train/raw_270/31_training.tif train/label_270/31_manual1.tif
train/raw_270/32_training.tif train/label_270/32_manual1.tif
train/raw_270/33_training.tif train/label_270/33_manual1.tif
train/raw_270/34_training.tif train/label_270/34_manual1.tif
train/raw_270/35_training.tif train/label_270/35_manual1.tif
train/raw_270/36_training.tif train/label_270/36_manual1.tif
train/raw_270/37_training.tif train/label_270/37_manual1.tif
train/raw_270/38_training.tif train/label_270/38_manual1.tif
train/raw_270/39_training.tif train/label_270/39_manual1.tif
train/raw_270/40_training.tif train/label_270/40_manual1.tif
train/raw_mirror1/21_training.tif train/label_mirror1/21_manual1.tif
train/raw_mirror1/22_training.tif train/label_mirror1/22_manual1.tif
train/raw_mirror1/23_training.tif train/label_mirror1/23_manual1.tif
train/raw_mirror1/24_training.tif train/label_mirror1/24_manual1.tif
train/raw_mirror1/25_training.tif train/label_mirror1/25_manual1.tif
train/raw_mirror1/26_training.tif train/label_mirror1/26_manual1.tif
train/raw_mirror1/27_training.tif train/label_mirror1/27_manual1.tif
train/raw_mirror1/28_training.tif train/label_mirror1/28_manual1.tif
train/raw_mirror1/29_training.tif train/label_mirror1/29_manual1.tif
train/raw_mirror1/30_training.tif train/label_mirror1/30_manual1.tif
train/raw_mirror1/31_training.tif train/label_mirror1/31_manual1.tif
train/raw_mirror1/32_training.tif train/label_mirror1/32_manual1.tif
train/raw_mirror1/33_training.tif train/label_mirror1/33_manual1.tif
train/raw_mirror1/34_training.tif train/label_mirror1/34_manual1.tif
train/raw_mirror1/35_training.tif train/label_mirror1/35_manual1.tif
train/raw_mirror1/36_training.tif train/label_mirror1/36_manual1.tif
train/raw_mirror1/37_training.tif train/label_mirror1/37_manual1.tif
train/raw_mirror1/38_training.tif train/label_mirror1/38_manual1.tif
train/raw_mirror1/39_training.tif train/label_mirror1/39_manual1.tif
train/raw_mirror1/40_training.tif train/label_mirror1/40_manual1.tif
train/raw_mirror2/21_training.tif train/label_mirror2/21_manual1.tif
train/raw_mirror2/22_training.tif train/label_mirror2/22_manual1.tif
train/raw_mirror2/23_training.tif train/label_mirror2/23_manual1.tif
train/raw_mirror2/24_training.tif train/label_mirror2/24_manual1.tif
train/raw_mirror2/25_training.tif train/label_mirror2/25_manual1.tif
train/raw_mirror2/26_training.tif train/label_mirror2/26_manual1.tif
train/raw_mirror2/27_training.tif train/label_mirror2/27_manual1.tif
train/raw_mirror2/28_training.tif train/label_mirror2/28_manual1.tif
train/raw_mirror2/29_training.tif train/label_mirror2/29_manual1.tif
train/raw_mirror2/30_training.tif train/label_mirror2/30_manual1.tif
train/raw_mirror2/31_training.tif train/label_mirror2/31_manual1.tif
train/raw_mirror2/32_training.tif train/label_mirror2/32_manual1.tif
train/raw_mirror2/33_training.tif train/label_mirror2/33_manual1.tif
train/raw_mirror2/34_training.tif train/label_mirror2/34_manual1.tif
train/raw_mirror2/35_training.tif train/label_mirror2/35_manual1.tif
train/raw_mirror2/36_training.tif train/label_mirror2/36_manual1.tif
train/raw_mirror2/37_training.tif train/label_mirror2/37_manual1.tif
train/raw_mirror2/38_training.tif train/label_mirror2/38_manual1.tif
train/raw_mirror2/39_training.tif train/label_mirror2/39_manual1.tif
train/raw_mirror2/40_training.tif train/label_mirror2/40_manual1.tif
train/raw_scale_0.5/21_training.tif train/label_scale_0.5/21_manual1.tif
train/raw_scale_0.5/22_training.tif train/label_scale_0.5/22_manual1.tif
train/raw_scale_0.5/23_training.tif train/label_scale_0.5/23_manual1.tif
train/raw_scale_0.5/24_training.tif train/label_scale_0.5/24_manual1.tif
train/raw_scale_0.5/25_training.tif train/label_scale_0.5/25_manual1.tif
train/raw_scale_0.5/26_training.tif train/label_scale_0.5/26_manual1.tif
train/raw_scale_0.5/27_training.tif train/label_scale_0.5/27_manual1.tif
train/raw_scale_0.5/28_training.tif train/label_scale_0.5/28_manual1.tif
train/raw_scale_0.5/29_training.tif train/label_scale_0.5/29_manual1.tif
train/raw_scale_0.5/30_training.tif train/label_scale_0.5/30_manual1.tif
train/raw_scale_0.5/31_training.tif train/label_scale_0.5/31_manual1.tif
train/raw_scale_0.5/32_training.tif train/label_scale_0.5/32_manual1.tif
train/raw_scale_0.5/33_training.tif train/label_scale_0.5/33_manual1.tif
train/raw_scale_0.5/34_training.tif train/label_scale_0.5/34_manual1.tif
train/raw_scale_0.5/35_training.tif train/label_scale_0.5/35_manual1.tif
train/raw_scale_0.5/36_training.tif train/label_scale_0.5/36_manual1.tif
train/raw_scale_0.5/37_training.tif train/label_scale_0.5/37_manual1.tif
train/raw_scale_0.5/38_training.tif train/label_scale_0.5/38_manual1.tif
train/raw_scale_0.5/39_training.tif train/label_scale_0.5/39_manual1.tif
train/raw_scale_0.5/40_training.tif train/label_scale_0.5/40_manual1.tif
train/raw_scale_0.8/21_training.tif train/label_scale_0.8/21_manual1.tif
train/raw_scale_0.8/22_training.tif train/label_scale_0.8/22_manual1.tif
train/raw_scale_0.8/23_training.tif train/label_scale_0.8/23_manual1.tif
train/raw_scale_0.8/24_training.tif train/label_scale_0.8/24_manual1.tif
train/raw_scale_0.8/25_training.tif train/label_scale_0.8/25_manual1.tif
train/raw_scale_0.8/26_training.tif train/label_scale_0.8/26_manual1.tif
train/raw_scale_0.8/27_training.tif train/label_scale_0.8/27_manual1.tif
train/raw_scale_0.8/28_training.tif train/label_scale_0.8/28_manual1.tif
train/raw_scale_0.8/29_training.tif train/label_scale_0.8/29_manual1.tif
train/raw_scale_0.8/30_training.tif train/label_scale_0.8/30_manual1.tif
train/raw_scale_0.8/31_training.tif train/label_scale_0.8/31_manual1.tif
train/raw_scale_0.8/32_training.tif train/label_scale_0.8/32_manual1.tif
train/raw_scale_0.8/33_training.tif train/label_scale_0.8/33_manual1.tif
train/raw_scale_0.8/34_training.tif train/label_scale_0.8/34_manual1.tif
train/raw_scale_0.8/35_training.tif train/label_scale_0.8/35_manual1.tif
train/raw_scale_0.8/36_training.tif train/label_scale_0.8/36_manual1.tif
train/raw_scale_0.8/37_training.tif train/label_scale_0.8/37_manual1.tif
train/raw_scale_0.8/38_training.tif train/label_scale_0.8/38_manual1.tif
train/raw_scale_0.8/39_training.tif train/label_scale_0.8/39_manual1.tif
train/raw_scale_0.8/40_training.tif train/label_scale_0.8/40_manual1.tif
train/raw_scale_0.8_90/21_training.tif train/label_scale_0.8_90/21_manual1.tif
train/raw_scale_0.8_90/22_training.tif train/label_scale_0.8_90/22_manual1.tif
train/raw_scale_0.8_90/23_training.tif train/label_scale_0.8_90/23_manual1.tif
train/raw_scale_0.8_90/24_training.tif train/label_scale_0.8_90/24_manual1.tif
train/raw_scale_0.8_90/25_training.tif train/label_scale_0.8_90/25_manual1.tif
train/raw_scale_0.8_90/26_training.tif train/label_scale_0.8_90/26_manual1.tif
train/raw_scale_0.8_90/27_training.tif train/label_scale_0.8_90/27_manual1.tif
train/raw_scale_0.8_90/28_training.tif train/label_scale_0.8_90/28_manual1.tif
train/raw_scale_0.8_90/29_training.tif train/label_scale_0.8_90/29_manual1.tif
train/raw_scale_0.8_90/30_training.tif train/label_scale_0.8_90/30_manual1.tif
train/raw_scale_0.8_90/31_training.tif train/label_scale_0.8_90/31_manual1.tif
train/raw_scale_0.8_90/32_training.tif train/label_scale_0.8_90/32_manual1.tif
train/raw_scale_0.8_90/33_training.tif train/label_scale_0.8_90/33_manual1.tif
train/raw_scale_0.8_90/34_training.tif train/label_scale_0.8_90/34_manual1.tif
train/raw_scale_0.8_90/35_training.tif train/label_scale_0.8_90/35_manual1.tif
train/raw_scale_0.8_90/36_training.tif train/label_scale_0.8_90/36_manual1.tif
train/raw_scale_0.8_90/37_training.tif train/label_scale_0.8_90/37_manual1.tif
train/raw_scale_0.8_90/38_training.tif train/label_scale_0.8_90/38_manual1.tif
train/raw_scale_0.8_90/39_training.tif train/label_scale_0.8_90/39_manual1.tif
train/raw_scale_0.8_90/40_training.tif train/label_scale_0.8_90/40_manual1.tif
train/raw_scale_0.5_90/21_training.tif train/label_scale_0.5_90/21_manual1.tif
train/raw_scale_0.5_90/22_training.tif train/label_scale_0.5_90/22_manual1.tif
train/raw_scale_0.5_90/23_training.tif train/label_scale_0.5_90/23_manual1.tif
train/raw_scale_0.5_90/24_training.tif train/label_scale_0.5_90/24_manual1.tif
train/raw_scale_0.5_90/25_training.tif train/label_scale_0.5_90/25_manual1.tif
train/raw_scale_0.5_90/26_training.tif train/label_scale_0.5_90/26_manual1.tif
train/raw_scale_0.5_90/27_training.tif train/label_scale_0.5_90/27_manual1.tif
train/raw_scale_0.5_90/28_training.tif train/label_scale_0.5_90/28_manual1.tif
train/raw_scale_0.5_90/29_training.tif train/label_scale_0.5_90/29_manual1.tif
train/raw_scale_0.5_90/30_training.tif train/label_scale_0.5_90/30_manual1.tif
train/raw_scale_0.5_90/31_training.tif train/label_scale_0.5_90/31_manual1.tif
train/raw_scale_0.5_90/32_training.tif train/label_scale_0.5_90/32_manual1.tif
train/raw_scale_0.5_90/33_training.tif train/label_scale_0.5_90/33_manual1.tif
train/raw_scale_0.5_90/34_training.tif train/label_scale_0.5_90/34_manual1.tif
train/raw_scale_0.5_90/35_training.tif train/label_scale_0.5_90/35_manual1.tif
train/raw_scale_0.5_90/36_training.tif train/label_scale_0.5_90/36_manual1.tif
train/raw_scale_0.5_90/37_training.tif train/label_scale_0.5_90/37_manual1.tif
train/raw_scale_0.5_90/38_training.tif train/label_scale_0.5_90/38_manual1.tif
train/raw_scale_0.5_90/39_training.tif train/label_scale_0.5_90/39_manual1.tif
train/raw_scale_0.5_90/40_training.tif train/label_scale_0.5_90/40_manual1.tif
train/raw_22/21_training.tif train/label_22/21_manual1.tif
train/raw_22/22_training.tif train/label_22/22_manual1.tif
train/raw_22/23_training.tif train/label_22/23_manual1.tif
train/raw_22/24_training.tif train/label_22/24_manual1.tif
train/raw_22/25_training.tif train/label_22/25_manual1.tif
train/raw_22/26_training.tif train/label_22/26_manual1.tif
train/raw_22/27_training.tif train/label_22/27_manual1.tif
train/raw_22/28_training.tif train/label_22/28_manual1.tif
train/raw_22/29_training.tif train/label_22/29_manual1.tif
train/raw_22/30_training.tif train/label_22/30_manual1.tif
train/raw_22/31_training.tif train/label_22/31_manual1.tif
train/raw_22/32_training.tif train/label_22/32_manual1.tif
train/raw_22/33_training.tif train/label_22/33_manual1.tif
train/raw_22/34_training.tif train/label_22/34_manual1.tif
train/raw_22/35_training.tif train/label_22/35_manual1.tif
train/raw_22/36_training.tif train/label_22/36_manual1.tif
train/raw_22/37_training.tif train/label_22/37_manual1.tif
train/raw_22/38_training.tif train/label_22/38_manual1.tif
train/raw_22/39_training.tif train/label_22/39_manual1.tif
train/raw_22/40_training.tif train/label_22/40_manual1.tif
train/raw_45/21_training.tif train/label_45/21_manual1.tif
train/raw_45/22_training.tif train/label_45/22_manual1.tif
train/raw_45/23_training.tif train/label_45/23_manual1.tif
train/raw_45/24_training.tif train/label_45/24_manual1.tif
train/raw_45/25_training.tif train/label_45/25_manual1.tif
train/raw_45/26_training.tif train/label_45/26_manual1.tif
train/raw_45/27_training.tif train/label_45/27_manual1.tif
train/raw_45/28_training.tif train/label_45/28_manual1.tif
train/raw_45/29_training.tif train/label_45/29_manual1.tif
train/raw_45/30_training.tif train/label_45/30_manual1.tif
train/raw_45/31_training.tif train/label_45/31_manual1.tif
train/raw_45/32_training.tif train/label_45/32_manual1.tif
train/raw_45/33_training.tif train/label_45/33_manual1.tif
train/raw_45/34_training.tif train/label_45/34_manual1.tif
train/raw_45/35_training.tif train/label_45/35_manual1.tif
train/raw_45/36_training.tif train/label_45/36_manual1.tif
train/raw_45/37_training.tif train/label_45/37_manual1.tif
train/raw_45/38_training.tif train/label_45/38_manual1.tif
train/raw_45/39_training.tif train/label_45/39_manual1.tif
train/raw_45/40_training.tif train/label_45/40_manual1.tif
train/raw_scale_1.2/21_training.tif train/label_scale_1.2/21_manual1.tif
train/raw_scale_1.2/22_training.tif train/label_scale_1.2/22_manual1.tif
train/raw_scale_1.2/23_training.tif train/label_scale_1.2/23_manual1.tif
train/raw_scale_1.2/24_training.tif train/label_scale_1.2/24_manual1.tif
train/raw_scale_1.2/25_training.tif train/label_scale_1.2/25_manual1.tif
train/raw_scale_1.2/26_training.tif train/label_scale_1.2/26_manual1.tif
train/raw_scale_1.2/27_training.tif train/label_scale_1.2/27_manual1.tif
train/raw_scale_1.2/28_training.tif train/label_scale_1.2/28_manual1.tif
train/raw_scale_1.2/29_training.tif train/label_scale_1.2/29_manual1.tif
train/raw_scale_1.2/30_training.tif train/label_scale_1.2/30_manual1.tif
train/raw_scale_1.2/31_training.tif train/label_scale_1.2/31_manual1.tif
train/raw_scale_1.2/32_training.tif train/label_scale_1.2/32_manual1.tif
train/raw_scale_1.2/33_training.tif train/label_scale_1.2/33_manual1.tif
train/raw_scale_1.2/34_training.tif train/label_scale_1.2/34_manual1.tif
train/raw_scale_1.2/35_training.tif train/label_scale_1.2/35_manual1.tif
train/raw_scale_1.2/36_training.tif train/label_scale_1.2/36_manual1.tif
train/raw_scale_1.2/37_training.tif train/label_scale_1.2/37_manual1.tif
train/raw_scale_1.2/38_training.tif train/label_scale_1.2/38_manual1.tif
train/raw_scale_1.2/39_training.tif train/label_scale_1.2/39_manual1.tif
train/raw_scale_1.2/40_training.tif train/label_scale_1.2/40_manual1.tif
