train/img_aug_0.6/Image_01L_180.jpg   train/label_aug_0.6/Image_01L_1stHO_180.png   
train/img_aug_0.6/Image_01L_22.jpg    train/label_aug_0.6/Image_01L_1stHO_22.png
train/img_aug_0.6/Image_01L_270.jpg   train/label_aug_0.6/Image_01L_1stHO_270.png
train/img_aug_0.6/Image_01L_44.jpg    train/label_aug_0.6/Image_01L_1stHO_44.png
train/img_aug_0.6/Image_01L_66.jpg    train/label_aug_0.6/Image_01L_1stHO_66.png
train/img_aug_0.6/Image_01L_90.jpg    train/label_aug_0.6/Image_01L_1stHO_90.png
train/img_aug_0.6/Image_01L.jpg       train/label_aug_0.6/Image_01L_1stHO.png
train/img_aug_0.6/Image_01L_m1.jpg    train/label_aug_0.6/Image_01L_1stHO_m1.png
train/img_aug_0.6/Image_01L_m2.jpg    train/label_aug_0.6/Image_01L_1stHO_m2.png
train/img_aug_0.6/Image_01R_180.jpg   train/label_aug_0.6/Image_01R_1stHO_180.png
train/img_aug_0.6/Image_01R_22.jpg    train/label_aug_0.6/Image_01R_1stHO_22.png
train/img_aug_0.6/Image_01R_270.jpg   train/label_aug_0.6/Image_01R_1stHO_270.png
train/img_aug_0.6/Image_01R_44.jpg    train/label_aug_0.6/Image_01R_1stHO_44.png
train/img_aug_0.6/Image_01R_66.jpg    train/label_aug_0.6/Image_01R_1stHO_66.png
train/img_aug_0.6/Image_01R_90.jpg    train/label_aug_0.6/Image_01R_1stHO_90.png
train/img_aug_0.6/Image_01R.jpg       train/label_aug_0.6/Image_01R_1stHO.png
train/img_aug_0.6/Image_01R_m1.jpg    train/label_aug_0.6/Image_01R_1stHO_m1.png
train/img_aug_0.6/Image_01R_m2.jpg    train/label_aug_0.6/Image_01R_1stHO_m2.png
train/img_aug_0.6/Image_02L_180.jpg   train/label_aug_0.6/Image_02L_1stHO_180.png
train/img_aug_0.6/Image_02L_22.jpg    train/label_aug_0.6/Image_02L_1stHO_22.png
train/img_aug_0.6/Image_02L_270.jpg   train/label_aug_0.6/Image_02L_1stHO_270.png
train/img_aug_0.6/Image_02L_44.jpg    train/label_aug_0.6/Image_02L_1stHO_44.png
train/img_aug_0.6/Image_02L_66.jpg    train/label_aug_0.6/Image_02L_1stHO_66.png
train/img_aug_0.6/Image_02L_90.jpg    train/label_aug_0.6/Image_02L_1stHO_90.png
train/img_aug_0.6/Image_02L.jpg       train/label_aug_0.6/Image_02L_1stHO.png
train/img_aug_0.6/Image_02L_m1.jpg    train/label_aug_0.6/Image_02L_1stHO_m1.png
train/img_aug_0.6/Image_02L_m2.jpg    train/label_aug_0.6/Image_02L_1stHO_m2.png
train/img_aug_0.6/Image_02R_180.jpg   train/label_aug_0.6/Image_02R_1stHO_180.png
train/img_aug_0.6/Image_02R_22.jpg    train/label_aug_0.6/Image_02R_1stHO_22.png
train/img_aug_0.6/Image_02R_270.jpg   train/label_aug_0.6/Image_02R_1stHO_270.png
train/img_aug_0.6/Image_02R_44.jpg    train/label_aug_0.6/Image_02R_1stHO_44.png
train/img_aug_0.6/Image_02R_66.jpg    train/label_aug_0.6/Image_02R_1stHO_66.png
train/img_aug_0.6/Image_02R_90.jpg    train/label_aug_0.6/Image_02R_1stHO_90.png
train/img_aug_0.6/Image_02R.jpg       train/label_aug_0.6/Image_02R_1stHO.png
train/img_aug_0.6/Image_02R_m1.jpg    train/label_aug_0.6/Image_02R_1stHO_m1.png
train/img_aug_0.6/Image_02R_m2.jpg    train/label_aug_0.6/Image_02R_1stHO_m2.png
train/img_aug_0.6/Image_03L_180.jpg   train/label_aug_0.6/Image_03L_1stHO_180.png
train/img_aug_0.6/Image_03L_22.jpg    train/label_aug_0.6/Image_03L_1stHO_22.png
train/img_aug_0.6/Image_03L_270.jpg   train/label_aug_0.6/Image_03L_1stHO_270.png
train/img_aug_0.6/Image_03L_44.jpg    train/label_aug_0.6/Image_03L_1stHO_44.png
train/img_aug_0.6/Image_03L_66.jpg    train/label_aug_0.6/Image_03L_1stHO_66.png
train/img_aug_0.6/Image_03L_90.jpg    train/label_aug_0.6/Image_03L_1stHO_90.png
train/img_aug_0.6/Image_03L.jpg       train/label_aug_0.6/Image_03L_1stHO.png
train/img_aug_0.6/Image_03L_m1.jpg    train/label_aug_0.6/Image_03L_1stHO_m1.png
train/img_aug_0.6/Image_03L_m2.jpg    train/label_aug_0.6/Image_03L_1stHO_m2.png
train/img_aug_0.6/Image_03R_180.jpg   train/label_aug_0.6/Image_03R_1stHO_180.png
train/img_aug_0.6/Image_03R_22.jpg    train/label_aug_0.6/Image_03R_1stHO_22.png
train/img_aug_0.6/Image_03R_270.jpg   train/label_aug_0.6/Image_03R_1stHO_270.png
train/img_aug_0.6/Image_03R_44.jpg    train/label_aug_0.6/Image_03R_1stHO_44.png
train/img_aug_0.6/Image_03R_66.jpg    train/label_aug_0.6/Image_03R_1stHO_66.png
train/img_aug_0.6/Image_03R_90.jpg    train/label_aug_0.6/Image_03R_1stHO_90.png
train/img_aug_0.6/Image_03R.jpg       train/label_aug_0.6/Image_03R_1stHO.png
train/img_aug_0.6/Image_03R_m1.jpg    train/label_aug_0.6/Image_03R_1stHO_m1.png
train/img_aug_0.6/Image_03R_m2.jpg    train/label_aug_0.6/Image_03R_1stHO_m2.png
train/img_aug_0.6/Image_04L_180.jpg   train/label_aug_0.6/Image_04L_1stHO_180.png
train/img_aug_0.6/Image_04L_22.jpg    train/label_aug_0.6/Image_04L_1stHO_22.png
train/img_aug_0.6/Image_04L_270.jpg   train/label_aug_0.6/Image_04L_1stHO_270.png
train/img_aug_0.6/Image_04L_44.jpg    train/label_aug_0.6/Image_04L_1stHO_44.png
train/img_aug_0.6/Image_04L_66.jpg    train/label_aug_0.6/Image_04L_1stHO_66.png
train/img_aug_0.6/Image_04L_90.jpg    train/label_aug_0.6/Image_04L_1stHO_90.png
train/img_aug_0.6/Image_04L.jpg       train/label_aug_0.6/Image_04L_1stHO.png
train/img_aug_0.6/Image_04L_m1.jpg    train/label_aug_0.6/Image_04L_1stHO_m1.png
train/img_aug_0.6/Image_04L_m2.jpg    train/label_aug_0.6/Image_04L_1stHO_m2.png
train/img_aug_0.6/Image_04R_180.jpg   train/label_aug_0.6/Image_04R_1stHO_180.png
train/img_aug_0.6/Image_04R_22.jpg    train/label_aug_0.6/Image_04R_1stHO_22.png
train/img_aug_0.6/Image_04R_270.jpg   train/label_aug_0.6/Image_04R_1stHO_270.png
train/img_aug_0.6/Image_04R_44.jpg    train/label_aug_0.6/Image_04R_1stHO_44.png
train/img_aug_0.6/Image_04R_66.jpg    train/label_aug_0.6/Image_04R_1stHO_66.png
train/img_aug_0.6/Image_04R_90.jpg    train/label_aug_0.6/Image_04R_1stHO_90.png
train/img_aug_0.6/Image_04R.jpg       train/label_aug_0.6/Image_04R_1stHO.png
train/img_aug_0.6/Image_04R_m1.jpg    train/label_aug_0.6/Image_04R_1stHO_m1.png
train/img_aug_0.6/Image_04R_m2.jpg    train/label_aug_0.6/Image_04R_1stHO_m2.png
train/img_aug_0.6/Image_05L_180.jpg   train/label_aug_0.6/Image_05L_1stHO_180.png
train/img_aug_0.6/Image_05L_22.jpg    train/label_aug_0.6/Image_05L_1stHO_22.png
train/img_aug_0.6/Image_05L_270.jpg   train/label_aug_0.6/Image_05L_1stHO_270.png
train/img_aug_0.6/Image_05L_44.jpg    train/label_aug_0.6/Image_05L_1stHO_44.png
train/img_aug_0.6/Image_05L_66.jpg    train/label_aug_0.6/Image_05L_1stHO_66.png
train/img_aug_0.6/Image_05L_90.jpg    train/label_aug_0.6/Image_05L_1stHO_90.png
train/img_aug_0.6/Image_05L.jpg       train/label_aug_0.6/Image_05L_1stHO.png
train/img_aug_0.6/Image_05L_m1.jpg    train/label_aug_0.6/Image_05L_1stHO_m1.png
train/img_aug_0.6/Image_05L_m2.jpg    train/label_aug_0.6/Image_05L_1stHO_m2.png
train/img_aug_0.6/Image_05R_180.jpg   train/label_aug_0.6/Image_05R_1stHO_180.png
train/img_aug_0.6/Image_05R_22.jpg    train/label_aug_0.6/Image_05R_1stHO_22.png
train/img_aug_0.6/Image_05R_270.jpg   train/label_aug_0.6/Image_05R_1stHO_270.png
train/img_aug_0.6/Image_05R_44.jpg    train/label_aug_0.6/Image_05R_1stHO_44.png
train/img_aug_0.6/Image_05R_66.jpg    train/label_aug_0.6/Image_05R_1stHO_66.png
train/img_aug_0.6/Image_05R_90.jpg    train/label_aug_0.6/Image_05R_1stHO_90.png
train/img_aug_0.6/Image_05R.jpg       train/label_aug_0.6/Image_05R_1stHO.png
train/img_aug_0.6/Image_05R_m1.jpg    train/label_aug_0.6/Image_05R_1stHO_m1.png
train/img_aug_0.6/Image_05R_m2.jpg    train/label_aug_0.6/Image_05R_1stHO_m2.png
train/img_aug_0.6/Image_06L_180.jpg   train/label_aug_0.6/Image_06L_1stHO_180.png
train/img_aug_0.6/Image_06L_22.jpg    train/label_aug_0.6/Image_06L_1stHO_22.png
train/img_aug_0.6/Image_06L_270.jpg   train/label_aug_0.6/Image_06L_1stHO_270.png
train/img_aug_0.6/Image_06L_44.jpg    train/label_aug_0.6/Image_06L_1stHO_44.png
train/img_aug_0.6/Image_06L_66.jpg    train/label_aug_0.6/Image_06L_1stHO_66.png
train/img_aug_0.6/Image_06L_90.jpg    train/label_aug_0.6/Image_06L_1stHO_90.png
train/img_aug_0.6/Image_06L.jpg       train/label_aug_0.6/Image_06L_1stHO.png
train/img_aug_0.6/Image_06L_m1.jpg    train/label_aug_0.6/Image_06L_1stHO_m1.png
train/img_aug_0.6/Image_06L_m2.jpg    train/label_aug_0.6/Image_06L_1stHO_m2.png
train/img_aug_0.6/Image_06R_180.jpg   train/label_aug_0.6/Image_06R_1stHO_180.png
train/img_aug_0.6/Image_06R_22.jpg    train/label_aug_0.6/Image_06R_1stHO_22.png
train/img_aug_0.6/Image_06R_270.jpg   train/label_aug_0.6/Image_06R_1stHO_270.png
train/img_aug_0.6/Image_06R_44.jpg    train/label_aug_0.6/Image_06R_1stHO_44.png
train/img_aug_0.6/Image_06R_66.jpg    train/label_aug_0.6/Image_06R_1stHO_66.png
train/img_aug_0.6/Image_06R_90.jpg    train/label_aug_0.6/Image_06R_1stHO_90.png
train/img_aug_0.6/Image_06R.jpg       train/label_aug_0.6/Image_06R_1stHO.png
train/img_aug_0.6/Image_06R_m1.jpg    train/label_aug_0.6/Image_06R_1stHO_m1.png
train/img_aug_0.6/Image_06R_m2.jpg    train/label_aug_0.6/Image_06R_1stHO_m2.png
train/img_aug_0.6/Image_07L_180.jpg   train/label_aug_0.6/Image_07L_1stHO_180.png
train/img_aug_0.6/Image_07L_22.jpg    train/label_aug_0.6/Image_07L_1stHO_22.png
train/img_aug_0.6/Image_07L_270.jpg   train/label_aug_0.6/Image_07L_1stHO_270.png
train/img_aug_0.6/Image_07L_44.jpg    train/label_aug_0.6/Image_07L_1stHO_44.png
train/img_aug_0.6/Image_07L_66.jpg    train/label_aug_0.6/Image_07L_1stHO_66.png
train/img_aug_0.6/Image_07L_90.jpg    train/label_aug_0.6/Image_07L_1stHO_90.png
train/img_aug_0.6/Image_07L.jpg       train/label_aug_0.6/Image_07L_1stHO.png
train/img_aug_0.6/Image_07L_m1.jpg    train/label_aug_0.6/Image_07L_1stHO_m1.png
train/img_aug_0.6/Image_07L_m2.jpg    train/label_aug_0.6/Image_07L_1stHO_m2.png
train/img_aug_0.6/Image_07R_180.jpg   train/label_aug_0.6/Image_07R_1stHO_180.png
train/img_aug_0.6/Image_07R_22.jpg    train/label_aug_0.6/Image_07R_1stHO_22.png
train/img_aug_0.6/Image_07R_270.jpg   train/label_aug_0.6/Image_07R_1stHO_270.png
train/img_aug_0.6/Image_07R_44.jpg    train/label_aug_0.6/Image_07R_1stHO_44.png
train/img_aug_0.6/Image_07R_66.jpg    train/label_aug_0.6/Image_07R_1stHO_66.png
train/img_aug_0.6/Image_07R_90.jpg    train/label_aug_0.6/Image_07R_1stHO_90.png
train/img_aug_0.6/Image_07R.jpg       train/label_aug_0.6/Image_07R_1stHO.png
train/img_aug_0.6/Image_07R_m1.jpg    train/label_aug_0.6/Image_07R_1stHO_m1.png
train/img_aug_0.6/Image_07R_m2.jpg    train/label_aug_0.6/Image_07R_1stHO_m2.png
train/img_aug_0.6/Image_08L_180.jpg   train/label_aug_0.6/Image_08L_1stHO_180.png
train/img_aug_0.6/Image_08L_22.jpg    train/label_aug_0.6/Image_08L_1stHO_22.png
train/img_aug_0.6/Image_08L_270.jpg   train/label_aug_0.6/Image_08L_1stHO_270.png
train/img_aug_0.6/Image_08L_44.jpg    train/label_aug_0.6/Image_08L_1stHO_44.png
train/img_aug_0.6/Image_08L_66.jpg    train/label_aug_0.6/Image_08L_1stHO_66.png
train/img_aug_0.6/Image_08L_90.jpg    train/label_aug_0.6/Image_08L_1stHO_90.png
train/img_aug_0.6/Image_08L.jpg       train/label_aug_0.6/Image_08L_1stHO.png
train/img_aug_0.6/Image_08L_m1.jpg    train/label_aug_0.6/Image_08L_1stHO_m1.png
train/img_aug_0.6/Image_08L_m2.jpg    train/label_aug_0.6/Image_08L_1stHO_m2.png
train/img_aug_0.7/Image_01L_180.jpg   train/label_aug_0.7/Image_01L_1stHO_180.png   
train/img_aug_0.7/Image_01L_22.jpg    train/label_aug_0.7/Image_01L_1stHO_22.png
train/img_aug_0.7/Image_01L_270.jpg   train/label_aug_0.7/Image_01L_1stHO_270.png
train/img_aug_0.7/Image_01L_44.jpg    train/label_aug_0.7/Image_01L_1stHO_44.png
train/img_aug_0.7/Image_01L_66.jpg    train/label_aug_0.7/Image_01L_1stHO_66.png
train/img_aug_0.7/Image_01L_90.jpg    train/label_aug_0.7/Image_01L_1stHO_90.png
train/img_aug_0.7/Image_01L.jpg       train/label_aug_0.7/Image_01L_1stHO.png
train/img_aug_0.7/Image_01L_m1.jpg    train/label_aug_0.7/Image_01L_1stHO_m1.png
train/img_aug_0.7/Image_01L_m2.jpg    train/label_aug_0.7/Image_01L_1stHO_m2.png
train/img_aug_0.7/Image_01R_180.jpg   train/label_aug_0.7/Image_01R_1stHO_180.png
train/img_aug_0.7/Image_01R_22.jpg    train/label_aug_0.7/Image_01R_1stHO_22.png
train/img_aug_0.7/Image_01R_270.jpg   train/label_aug_0.7/Image_01R_1stHO_270.png
train/img_aug_0.7/Image_01R_44.jpg    train/label_aug_0.7/Image_01R_1stHO_44.png
train/img_aug_0.7/Image_01R_66.jpg    train/label_aug_0.7/Image_01R_1stHO_66.png
train/img_aug_0.7/Image_01R_90.jpg    train/label_aug_0.7/Image_01R_1stHO_90.png
train/img_aug_0.7/Image_01R.jpg       train/label_aug_0.7/Image_01R_1stHO.png
train/img_aug_0.7/Image_01R_m1.jpg    train/label_aug_0.7/Image_01R_1stHO_m1.png
train/img_aug_0.7/Image_01R_m2.jpg    train/label_aug_0.7/Image_01R_1stHO_m2.png
train/img_aug_0.7/Image_02L_180.jpg   train/label_aug_0.7/Image_02L_1stHO_180.png
train/img_aug_0.7/Image_02L_22.jpg    train/label_aug_0.7/Image_02L_1stHO_22.png
train/img_aug_0.7/Image_02L_270.jpg   train/label_aug_0.7/Image_02L_1stHO_270.png
train/img_aug_0.7/Image_02L_44.jpg    train/label_aug_0.7/Image_02L_1stHO_44.png
train/img_aug_0.7/Image_02L_66.jpg    train/label_aug_0.7/Image_02L_1stHO_66.png
train/img_aug_0.7/Image_02L_90.jpg    train/label_aug_0.7/Image_02L_1stHO_90.png
train/img_aug_0.7/Image_02L.jpg       train/label_aug_0.7/Image_02L_1stHO.png
train/img_aug_0.7/Image_02L_m1.jpg    train/label_aug_0.7/Image_02L_1stHO_m1.png
train/img_aug_0.7/Image_02L_m2.jpg    train/label_aug_0.7/Image_02L_1stHO_m2.png
train/img_aug_0.7/Image_02R_180.jpg   train/label_aug_0.7/Image_02R_1stHO_180.png
train/img_aug_0.7/Image_02R_22.jpg    train/label_aug_0.7/Image_02R_1stHO_22.png
train/img_aug_0.7/Image_02R_270.jpg   train/label_aug_0.7/Image_02R_1stHO_270.png
train/img_aug_0.7/Image_02R_44.jpg    train/label_aug_0.7/Image_02R_1stHO_44.png
train/img_aug_0.7/Image_02R_66.jpg    train/label_aug_0.7/Image_02R_1stHO_66.png
train/img_aug_0.7/Image_02R_90.jpg    train/label_aug_0.7/Image_02R_1stHO_90.png
train/img_aug_0.7/Image_02R.jpg       train/label_aug_0.7/Image_02R_1stHO.png
train/img_aug_0.7/Image_02R_m1.jpg    train/label_aug_0.7/Image_02R_1stHO_m1.png
train/img_aug_0.7/Image_02R_m2.jpg    train/label_aug_0.7/Image_02R_1stHO_m2.png
train/img_aug_0.7/Image_03L_180.jpg   train/label_aug_0.7/Image_03L_1stHO_180.png
train/img_aug_0.7/Image_03L_22.jpg    train/label_aug_0.7/Image_03L_1stHO_22.png
train/img_aug_0.7/Image_03L_270.jpg   train/label_aug_0.7/Image_03L_1stHO_270.png
train/img_aug_0.7/Image_03L_44.jpg    train/label_aug_0.7/Image_03L_1stHO_44.png
train/img_aug_0.7/Image_03L_66.jpg    train/label_aug_0.7/Image_03L_1stHO_66.png
train/img_aug_0.7/Image_03L_90.jpg    train/label_aug_0.7/Image_03L_1stHO_90.png
train/img_aug_0.7/Image_03L.jpg       train/label_aug_0.7/Image_03L_1stHO.png
train/img_aug_0.7/Image_03L_m1.jpg    train/label_aug_0.7/Image_03L_1stHO_m1.png
train/img_aug_0.7/Image_03L_m2.jpg    train/label_aug_0.7/Image_03L_1stHO_m2.png
train/img_aug_0.7/Image_03R_180.jpg   train/label_aug_0.7/Image_03R_1stHO_180.png
train/img_aug_0.7/Image_03R_22.jpg    train/label_aug_0.7/Image_03R_1stHO_22.png
train/img_aug_0.7/Image_03R_270.jpg   train/label_aug_0.7/Image_03R_1stHO_270.png
train/img_aug_0.7/Image_03R_44.jpg    train/label_aug_0.7/Image_03R_1stHO_44.png
train/img_aug_0.7/Image_03R_66.jpg    train/label_aug_0.7/Image_03R_1stHO_66.png
train/img_aug_0.7/Image_03R_90.jpg    train/label_aug_0.7/Image_03R_1stHO_90.png
train/img_aug_0.7/Image_03R.jpg       train/label_aug_0.7/Image_03R_1stHO.png
train/img_aug_0.7/Image_03R_m1.jpg    train/label_aug_0.7/Image_03R_1stHO_m1.png
train/img_aug_0.7/Image_03R_m2.jpg    train/label_aug_0.7/Image_03R_1stHO_m2.png
train/img_aug_0.7/Image_04L_180.jpg   train/label_aug_0.7/Image_04L_1stHO_180.png
train/img_aug_0.7/Image_04L_22.jpg    train/label_aug_0.7/Image_04L_1stHO_22.png
train/img_aug_0.7/Image_04L_270.jpg   train/label_aug_0.7/Image_04L_1stHO_270.png
train/img_aug_0.7/Image_04L_44.jpg    train/label_aug_0.7/Image_04L_1stHO_44.png
train/img_aug_0.7/Image_04L_66.jpg    train/label_aug_0.7/Image_04L_1stHO_66.png
train/img_aug_0.7/Image_04L_90.jpg    train/label_aug_0.7/Image_04L_1stHO_90.png
train/img_aug_0.7/Image_04L.jpg       train/label_aug_0.7/Image_04L_1stHO.png
train/img_aug_0.7/Image_04L_m1.jpg    train/label_aug_0.7/Image_04L_1stHO_m1.png
train/img_aug_0.7/Image_04L_m2.jpg    train/label_aug_0.7/Image_04L_1stHO_m2.png
train/img_aug_0.7/Image_04R_180.jpg   train/label_aug_0.7/Image_04R_1stHO_180.png
train/img_aug_0.7/Image_04R_22.jpg    train/label_aug_0.7/Image_04R_1stHO_22.png
train/img_aug_0.7/Image_04R_270.jpg   train/label_aug_0.7/Image_04R_1stHO_270.png
train/img_aug_0.7/Image_04R_44.jpg    train/label_aug_0.7/Image_04R_1stHO_44.png
train/img_aug_0.7/Image_04R_66.jpg    train/label_aug_0.7/Image_04R_1stHO_66.png
train/img_aug_0.7/Image_04R_90.jpg    train/label_aug_0.7/Image_04R_1stHO_90.png
train/img_aug_0.7/Image_04R.jpg       train/label_aug_0.7/Image_04R_1stHO.png
train/img_aug_0.7/Image_04R_m1.jpg    train/label_aug_0.7/Image_04R_1stHO_m1.png
train/img_aug_0.7/Image_04R_m2.jpg    train/label_aug_0.7/Image_04R_1stHO_m2.png
train/img_aug_0.7/Image_05L_180.jpg   train/label_aug_0.7/Image_05L_1stHO_180.png
train/img_aug_0.7/Image_05L_22.jpg    train/label_aug_0.7/Image_05L_1stHO_22.png
train/img_aug_0.7/Image_05L_270.jpg   train/label_aug_0.7/Image_05L_1stHO_270.png
train/img_aug_0.7/Image_05L_44.jpg    train/label_aug_0.7/Image_05L_1stHO_44.png
train/img_aug_0.7/Image_05L_66.jpg    train/label_aug_0.7/Image_05L_1stHO_66.png
train/img_aug_0.7/Image_05L_90.jpg    train/label_aug_0.7/Image_05L_1stHO_90.png
train/img_aug_0.7/Image_05L.jpg       train/label_aug_0.7/Image_05L_1stHO.png
train/img_aug_0.7/Image_05L_m1.jpg    train/label_aug_0.7/Image_05L_1stHO_m1.png
train/img_aug_0.7/Image_05L_m2.jpg    train/label_aug_0.7/Image_05L_1stHO_m2.png
train/img_aug_0.7/Image_05R_180.jpg   train/label_aug_0.7/Image_05R_1stHO_180.png
train/img_aug_0.7/Image_05R_22.jpg    train/label_aug_0.7/Image_05R_1stHO_22.png
train/img_aug_0.7/Image_05R_270.jpg   train/label_aug_0.7/Image_05R_1stHO_270.png
train/img_aug_0.7/Image_05R_44.jpg    train/label_aug_0.7/Image_05R_1stHO_44.png
train/img_aug_0.7/Image_05R_66.jpg    train/label_aug_0.7/Image_05R_1stHO_66.png
train/img_aug_0.7/Image_05R_90.jpg    train/label_aug_0.7/Image_05R_1stHO_90.png
train/img_aug_0.7/Image_05R.jpg       train/label_aug_0.7/Image_05R_1stHO.png
train/img_aug_0.7/Image_05R_m1.jpg    train/label_aug_0.7/Image_05R_1stHO_m1.png
train/img_aug_0.7/Image_05R_m2.jpg    train/label_aug_0.7/Image_05R_1stHO_m2.png
train/img_aug_0.7/Image_06L_180.jpg   train/label_aug_0.7/Image_06L_1stHO_180.png
train/img_aug_0.7/Image_06L_22.jpg    train/label_aug_0.7/Image_06L_1stHO_22.png
train/img_aug_0.7/Image_06L_270.jpg   train/label_aug_0.7/Image_06L_1stHO_270.png
train/img_aug_0.7/Image_06L_44.jpg    train/label_aug_0.7/Image_06L_1stHO_44.png
train/img_aug_0.7/Image_06L_66.jpg    train/label_aug_0.7/Image_06L_1stHO_66.png
train/img_aug_0.7/Image_06L_90.jpg    train/label_aug_0.7/Image_06L_1stHO_90.png
train/img_aug_0.7/Image_06L.jpg       train/label_aug_0.7/Image_06L_1stHO.png
train/img_aug_0.7/Image_06L_m1.jpg    train/label_aug_0.7/Image_06L_1stHO_m1.png
train/img_aug_0.7/Image_06L_m2.jpg    train/label_aug_0.7/Image_06L_1stHO_m2.png
train/img_aug_0.7/Image_06R_180.jpg   train/label_aug_0.7/Image_06R_1stHO_180.png
train/img_aug_0.7/Image_06R_22.jpg    train/label_aug_0.7/Image_06R_1stHO_22.png
train/img_aug_0.7/Image_06R_270.jpg   train/label_aug_0.7/Image_06R_1stHO_270.png
train/img_aug_0.7/Image_06R_44.jpg    train/label_aug_0.7/Image_06R_1stHO_44.png
train/img_aug_0.7/Image_06R_66.jpg    train/label_aug_0.7/Image_06R_1stHO_66.png
train/img_aug_0.7/Image_06R_90.jpg    train/label_aug_0.7/Image_06R_1stHO_90.png
train/img_aug_0.7/Image_06R.jpg       train/label_aug_0.7/Image_06R_1stHO.png
train/img_aug_0.7/Image_06R_m1.jpg    train/label_aug_0.7/Image_06R_1stHO_m1.png
train/img_aug_0.7/Image_06R_m2.jpg    train/label_aug_0.7/Image_06R_1stHO_m2.png
train/img_aug_0.7/Image_07L_180.jpg   train/label_aug_0.7/Image_07L_1stHO_180.png
train/img_aug_0.7/Image_07L_22.jpg    train/label_aug_0.7/Image_07L_1stHO_22.png
train/img_aug_0.7/Image_07L_270.jpg   train/label_aug_0.7/Image_07L_1stHO_270.png
train/img_aug_0.7/Image_07L_44.jpg    train/label_aug_0.7/Image_07L_1stHO_44.png
train/img_aug_0.7/Image_07L_66.jpg    train/label_aug_0.7/Image_07L_1stHO_66.png
train/img_aug_0.7/Image_07L_90.jpg    train/label_aug_0.7/Image_07L_1stHO_90.png
train/img_aug_0.7/Image_07L.jpg       train/label_aug_0.7/Image_07L_1stHO.png
train/img_aug_0.7/Image_07L_m1.jpg    train/label_aug_0.7/Image_07L_1stHO_m1.png
train/img_aug_0.7/Image_07L_m2.jpg    train/label_aug_0.7/Image_07L_1stHO_m2.png
train/img_aug_0.7/Image_07R_180.jpg   train/label_aug_0.7/Image_07R_1stHO_180.png
train/img_aug_0.7/Image_07R_22.jpg    train/label_aug_0.7/Image_07R_1stHO_22.png
train/img_aug_0.7/Image_07R_270.jpg   train/label_aug_0.7/Image_07R_1stHO_270.png
train/img_aug_0.7/Image_07R_44.jpg    train/label_aug_0.7/Image_07R_1stHO_44.png
train/img_aug_0.7/Image_07R_66.jpg    train/label_aug_0.7/Image_07R_1stHO_66.png
train/img_aug_0.7/Image_07R_90.jpg    train/label_aug_0.7/Image_07R_1stHO_90.png
train/img_aug_0.7/Image_07R.jpg       train/label_aug_0.7/Image_07R_1stHO.png
train/img_aug_0.7/Image_07R_m1.jpg    train/label_aug_0.7/Image_07R_1stHO_m1.png
train/img_aug_0.7/Image_07R_m2.jpg    train/label_aug_0.7/Image_07R_1stHO_m2.png
train/img_aug_0.7/Image_08L_180.jpg   train/label_aug_0.7/Image_08L_1stHO_180.png
train/img_aug_0.7/Image_08L_22.jpg    train/label_aug_0.7/Image_08L_1stHO_22.png
train/img_aug_0.7/Image_08L_270.jpg   train/label_aug_0.7/Image_08L_1stHO_270.png
train/img_aug_0.7/Image_08L_44.jpg    train/label_aug_0.7/Image_08L_1stHO_44.png
train/img_aug_0.7/Image_08L_66.jpg    train/label_aug_0.7/Image_08L_1stHO_66.png
train/img_aug_0.7/Image_08L_90.jpg    train/label_aug_0.7/Image_08L_1stHO_90.png
train/img_aug_0.7/Image_08L.jpg       train/label_aug_0.7/Image_08L_1stHO.png
train/img_aug_0.7/Image_08L_m1.jpg    train/label_aug_0.7/Image_08L_1stHO_m1.png
train/img_aug_0.7/Image_08L_m2.jpg    train/label_aug_0.7/Image_08L_1stHO_m2.png
train/img_aug_0.8/Image_01L_180.jpg   train/label_aug_0.8/Image_01L_1stHO_180.png   
train/img_aug_0.8/Image_01L_22.jpg    train/label_aug_0.8/Image_01L_1stHO_22.png
train/img_aug_0.8/Image_01L_270.jpg   train/label_aug_0.8/Image_01L_1stHO_270.png
train/img_aug_0.8/Image_01L_44.jpg    train/label_aug_0.8/Image_01L_1stHO_44.png
train/img_aug_0.8/Image_01L_66.jpg    train/label_aug_0.8/Image_01L_1stHO_66.png
train/img_aug_0.8/Image_01L_90.jpg    train/label_aug_0.8/Image_01L_1stHO_90.png
train/img_aug_0.8/Image_01L.jpg       train/label_aug_0.8/Image_01L_1stHO.png
train/img_aug_0.8/Image_01L_m1.jpg    train/label_aug_0.8/Image_01L_1stHO_m1.png
train/img_aug_0.8/Image_01L_m2.jpg    train/label_aug_0.8/Image_01L_1stHO_m2.png
train/img_aug_0.8/Image_01R_180.jpg   train/label_aug_0.8/Image_01R_1stHO_180.png
train/img_aug_0.8/Image_01R_22.jpg    train/label_aug_0.8/Image_01R_1stHO_22.png
train/img_aug_0.8/Image_01R_270.jpg   train/label_aug_0.8/Image_01R_1stHO_270.png
train/img_aug_0.8/Image_01R_44.jpg    train/label_aug_0.8/Image_01R_1stHO_44.png
train/img_aug_0.8/Image_01R_66.jpg    train/label_aug_0.8/Image_01R_1stHO_66.png
train/img_aug_0.8/Image_01R_90.jpg    train/label_aug_0.8/Image_01R_1stHO_90.png
train/img_aug_0.8/Image_01R.jpg       train/label_aug_0.8/Image_01R_1stHO.png
train/img_aug_0.8/Image_01R_m1.jpg    train/label_aug_0.8/Image_01R_1stHO_m1.png
train/img_aug_0.8/Image_01R_m2.jpg    train/label_aug_0.8/Image_01R_1stHO_m2.png
train/img_aug_0.8/Image_02L_180.jpg   train/label_aug_0.8/Image_02L_1stHO_180.png
train/img_aug_0.8/Image_02L_22.jpg    train/label_aug_0.8/Image_02L_1stHO_22.png
train/img_aug_0.8/Image_02L_270.jpg   train/label_aug_0.8/Image_02L_1stHO_270.png
train/img_aug_0.8/Image_02L_44.jpg    train/label_aug_0.8/Image_02L_1stHO_44.png
train/img_aug_0.8/Image_02L_66.jpg    train/label_aug_0.8/Image_02L_1stHO_66.png
train/img_aug_0.8/Image_02L_90.jpg    train/label_aug_0.8/Image_02L_1stHO_90.png
train/img_aug_0.8/Image_02L.jpg       train/label_aug_0.8/Image_02L_1stHO.png
train/img_aug_0.8/Image_02L_m1.jpg    train/label_aug_0.8/Image_02L_1stHO_m1.png
train/img_aug_0.8/Image_02L_m2.jpg    train/label_aug_0.8/Image_02L_1stHO_m2.png
train/img_aug_0.8/Image_02R_180.jpg   train/label_aug_0.8/Image_02R_1stHO_180.png
train/img_aug_0.8/Image_02R_22.jpg    train/label_aug_0.8/Image_02R_1stHO_22.png
train/img_aug_0.8/Image_02R_270.jpg   train/label_aug_0.8/Image_02R_1stHO_270.png
train/img_aug_0.8/Image_02R_44.jpg    train/label_aug_0.8/Image_02R_1stHO_44.png
train/img_aug_0.8/Image_02R_66.jpg    train/label_aug_0.8/Image_02R_1stHO_66.png
train/img_aug_0.8/Image_02R_90.jpg    train/label_aug_0.8/Image_02R_1stHO_90.png
train/img_aug_0.8/Image_02R.jpg       train/label_aug_0.8/Image_02R_1stHO.png
train/img_aug_0.8/Image_02R_m1.jpg    train/label_aug_0.8/Image_02R_1stHO_m1.png
train/img_aug_0.8/Image_02R_m2.jpg    train/label_aug_0.8/Image_02R_1stHO_m2.png
train/img_aug_0.8/Image_03L_180.jpg   train/label_aug_0.8/Image_03L_1stHO_180.png
train/img_aug_0.8/Image_03L_22.jpg    train/label_aug_0.8/Image_03L_1stHO_22.png
train/img_aug_0.8/Image_03L_270.jpg   train/label_aug_0.8/Image_03L_1stHO_270.png
train/img_aug_0.8/Image_03L_44.jpg    train/label_aug_0.8/Image_03L_1stHO_44.png
train/img_aug_0.8/Image_03L_66.jpg    train/label_aug_0.8/Image_03L_1stHO_66.png
train/img_aug_0.8/Image_03L_90.jpg    train/label_aug_0.8/Image_03L_1stHO_90.png
train/img_aug_0.8/Image_03L.jpg       train/label_aug_0.8/Image_03L_1stHO.png
train/img_aug_0.8/Image_03L_m1.jpg    train/label_aug_0.8/Image_03L_1stHO_m1.png
train/img_aug_0.8/Image_03L_m2.jpg    train/label_aug_0.8/Image_03L_1stHO_m2.png
train/img_aug_0.8/Image_03R_180.jpg   train/label_aug_0.8/Image_03R_1stHO_180.png
train/img_aug_0.8/Image_03R_22.jpg    train/label_aug_0.8/Image_03R_1stHO_22.png
train/img_aug_0.8/Image_03R_270.jpg   train/label_aug_0.8/Image_03R_1stHO_270.png
train/img_aug_0.8/Image_03R_44.jpg    train/label_aug_0.8/Image_03R_1stHO_44.png
train/img_aug_0.8/Image_03R_66.jpg    train/label_aug_0.8/Image_03R_1stHO_66.png
train/img_aug_0.8/Image_03R_90.jpg    train/label_aug_0.8/Image_03R_1stHO_90.png
train/img_aug_0.8/Image_03R.jpg       train/label_aug_0.8/Image_03R_1stHO.png
train/img_aug_0.8/Image_03R_m1.jpg    train/label_aug_0.8/Image_03R_1stHO_m1.png
train/img_aug_0.8/Image_03R_m2.jpg    train/label_aug_0.8/Image_03R_1stHO_m2.png
train/img_aug_0.8/Image_04L_180.jpg   train/label_aug_0.8/Image_04L_1stHO_180.png
train/img_aug_0.8/Image_04L_22.jpg    train/label_aug_0.8/Image_04L_1stHO_22.png
train/img_aug_0.8/Image_04L_270.jpg   train/label_aug_0.8/Image_04L_1stHO_270.png
train/img_aug_0.8/Image_04L_44.jpg    train/label_aug_0.8/Image_04L_1stHO_44.png
train/img_aug_0.8/Image_04L_66.jpg    train/label_aug_0.8/Image_04L_1stHO_66.png
train/img_aug_0.8/Image_04L_90.jpg    train/label_aug_0.8/Image_04L_1stHO_90.png
train/img_aug_0.8/Image_04L.jpg       train/label_aug_0.8/Image_04L_1stHO.png
train/img_aug_0.8/Image_04L_m1.jpg    train/label_aug_0.8/Image_04L_1stHO_m1.png
train/img_aug_0.8/Image_04L_m2.jpg    train/label_aug_0.8/Image_04L_1stHO_m2.png
train/img_aug_0.8/Image_04R_180.jpg   train/label_aug_0.8/Image_04R_1stHO_180.png
train/img_aug_0.8/Image_04R_22.jpg    train/label_aug_0.8/Image_04R_1stHO_22.png
train/img_aug_0.8/Image_04R_270.jpg   train/label_aug_0.8/Image_04R_1stHO_270.png
train/img_aug_0.8/Image_04R_44.jpg    train/label_aug_0.8/Image_04R_1stHO_44.png
train/img_aug_0.8/Image_04R_66.jpg    train/label_aug_0.8/Image_04R_1stHO_66.png
train/img_aug_0.8/Image_04R_90.jpg    train/label_aug_0.8/Image_04R_1stHO_90.png
train/img_aug_0.8/Image_04R.jpg       train/label_aug_0.8/Image_04R_1stHO.png
train/img_aug_0.8/Image_04R_m1.jpg    train/label_aug_0.8/Image_04R_1stHO_m1.png
train/img_aug_0.8/Image_04R_m2.jpg    train/label_aug_0.8/Image_04R_1stHO_m2.png
train/img_aug_0.8/Image_05L_180.jpg   train/label_aug_0.8/Image_05L_1stHO_180.png
train/img_aug_0.8/Image_05L_22.jpg    train/label_aug_0.8/Image_05L_1stHO_22.png
train/img_aug_0.8/Image_05L_270.jpg   train/label_aug_0.8/Image_05L_1stHO_270.png
train/img_aug_0.8/Image_05L_44.jpg    train/label_aug_0.8/Image_05L_1stHO_44.png
train/img_aug_0.8/Image_05L_66.jpg    train/label_aug_0.8/Image_05L_1stHO_66.png
train/img_aug_0.8/Image_05L_90.jpg    train/label_aug_0.8/Image_05L_1stHO_90.png
train/img_aug_0.8/Image_05L.jpg       train/label_aug_0.8/Image_05L_1stHO.png
train/img_aug_0.8/Image_05L_m1.jpg    train/label_aug_0.8/Image_05L_1stHO_m1.png
train/img_aug_0.8/Image_05L_m2.jpg    train/label_aug_0.8/Image_05L_1stHO_m2.png
train/img_aug_0.8/Image_05R_180.jpg   train/label_aug_0.8/Image_05R_1stHO_180.png
train/img_aug_0.8/Image_05R_22.jpg    train/label_aug_0.8/Image_05R_1stHO_22.png
train/img_aug_0.8/Image_05R_270.jpg   train/label_aug_0.8/Image_05R_1stHO_270.png
train/img_aug_0.8/Image_05R_44.jpg    train/label_aug_0.8/Image_05R_1stHO_44.png
train/img_aug_0.8/Image_05R_66.jpg    train/label_aug_0.8/Image_05R_1stHO_66.png
train/img_aug_0.8/Image_05R_90.jpg    train/label_aug_0.8/Image_05R_1stHO_90.png
train/img_aug_0.8/Image_05R.jpg       train/label_aug_0.8/Image_05R_1stHO.png
train/img_aug_0.8/Image_05R_m1.jpg    train/label_aug_0.8/Image_05R_1stHO_m1.png
train/img_aug_0.8/Image_05R_m2.jpg    train/label_aug_0.8/Image_05R_1stHO_m2.png
train/img_aug_0.8/Image_06L_180.jpg   train/label_aug_0.8/Image_06L_1stHO_180.png
train/img_aug_0.8/Image_06L_22.jpg    train/label_aug_0.8/Image_06L_1stHO_22.png
train/img_aug_0.8/Image_06L_270.jpg   train/label_aug_0.8/Image_06L_1stHO_270.png
train/img_aug_0.8/Image_06L_44.jpg    train/label_aug_0.8/Image_06L_1stHO_44.png
train/img_aug_0.8/Image_06L_66.jpg    train/label_aug_0.8/Image_06L_1stHO_66.png
train/img_aug_0.8/Image_06L_90.jpg    train/label_aug_0.8/Image_06L_1stHO_90.png
train/img_aug_0.8/Image_06L.jpg       train/label_aug_0.8/Image_06L_1stHO.png
train/img_aug_0.8/Image_06L_m1.jpg    train/label_aug_0.8/Image_06L_1stHO_m1.png
train/img_aug_0.8/Image_06L_m2.jpg    train/label_aug_0.8/Image_06L_1stHO_m2.png
train/img_aug_0.8/Image_06R_180.jpg   train/label_aug_0.8/Image_06R_1stHO_180.png
train/img_aug_0.8/Image_06R_22.jpg    train/label_aug_0.8/Image_06R_1stHO_22.png
train/img_aug_0.8/Image_06R_270.jpg   train/label_aug_0.8/Image_06R_1stHO_270.png
train/img_aug_0.8/Image_06R_44.jpg    train/label_aug_0.8/Image_06R_1stHO_44.png
train/img_aug_0.8/Image_06R_66.jpg    train/label_aug_0.8/Image_06R_1stHO_66.png
train/img_aug_0.8/Image_06R_90.jpg    train/label_aug_0.8/Image_06R_1stHO_90.png
train/img_aug_0.8/Image_06R.jpg       train/label_aug_0.8/Image_06R_1stHO.png
train/img_aug_0.8/Image_06R_m1.jpg    train/label_aug_0.8/Image_06R_1stHO_m1.png
train/img_aug_0.8/Image_06R_m2.jpg    train/label_aug_0.8/Image_06R_1stHO_m2.png
train/img_aug_0.8/Image_07L_180.jpg   train/label_aug_0.8/Image_07L_1stHO_180.png
train/img_aug_0.8/Image_07L_22.jpg    train/label_aug_0.8/Image_07L_1stHO_22.png
train/img_aug_0.8/Image_07L_270.jpg   train/label_aug_0.8/Image_07L_1stHO_270.png
train/img_aug_0.8/Image_07L_44.jpg    train/label_aug_0.8/Image_07L_1stHO_44.png
train/img_aug_0.8/Image_07L_66.jpg    train/label_aug_0.8/Image_07L_1stHO_66.png
train/img_aug_0.8/Image_07L_90.jpg    train/label_aug_0.8/Image_07L_1stHO_90.png
train/img_aug_0.8/Image_07L.jpg       train/label_aug_0.8/Image_07L_1stHO.png
train/img_aug_0.8/Image_07L_m1.jpg    train/label_aug_0.8/Image_07L_1stHO_m1.png
train/img_aug_0.8/Image_07L_m2.jpg    train/label_aug_0.8/Image_07L_1stHO_m2.png
train/img_aug_0.8/Image_07R_180.jpg   train/label_aug_0.8/Image_07R_1stHO_180.png
train/img_aug_0.8/Image_07R_22.jpg    train/label_aug_0.8/Image_07R_1stHO_22.png
train/img_aug_0.8/Image_07R_270.jpg   train/label_aug_0.8/Image_07R_1stHO_270.png
train/img_aug_0.8/Image_07R_44.jpg    train/label_aug_0.8/Image_07R_1stHO_44.png
train/img_aug_0.8/Image_07R_66.jpg    train/label_aug_0.8/Image_07R_1stHO_66.png
train/img_aug_0.8/Image_07R_90.jpg    train/label_aug_0.8/Image_07R_1stHO_90.png
train/img_aug_0.8/Image_07R.jpg       train/label_aug_0.8/Image_07R_1stHO.png
train/img_aug_0.8/Image_07R_m1.jpg    train/label_aug_0.8/Image_07R_1stHO_m1.png
train/img_aug_0.8/Image_07R_m2.jpg    train/label_aug_0.8/Image_07R_1stHO_m2.png
train/img_aug_0.8/Image_08L_180.jpg   train/label_aug_0.8/Image_08L_1stHO_180.png
train/img_aug_0.8/Image_08L_22.jpg    train/label_aug_0.8/Image_08L_1stHO_22.png
train/img_aug_0.8/Image_08L_270.jpg   train/label_aug_0.8/Image_08L_1stHO_270.png
train/img_aug_0.8/Image_08L_44.jpg    train/label_aug_0.8/Image_08L_1stHO_44.png
train/img_aug_0.8/Image_08L_66.jpg    train/label_aug_0.8/Image_08L_1stHO_66.png
train/img_aug_0.8/Image_08L_90.jpg    train/label_aug_0.8/Image_08L_1stHO_90.png
train/img_aug_0.8/Image_08L.jpg       train/label_aug_0.8/Image_08L_1stHO.png
train/img_aug_0.8/Image_08L_m1.jpg    train/label_aug_0.8/Image_08L_1stHO_m1.png
train/img_aug_0.8/Image_08L_m2.jpg    train/label_aug_0.8/Image_08L_1stHO_m2.png
